<?xml version="1.0" encoding="UTF-8"?>
<instructionals module="Test">
    <examples>
        <example name="QML Documentation Example" docUrl="qthelp://org.qt-project.test.001/test/test-componentset-example.html" isTest="true">
            <description><![CDATA[No description available]]></description>
            <tags>documentation,qml,test</tags>
        </example>
    </examples>
</instructionals>
